#-----------------------------------------------------------
# Vivado v2025.2 (64-bit)
# SW Build 6299465 on Fri Nov 14 19:35:11 GMT 2025
# IP Build 6300035 on Fri Nov 14 10:48:45 MST 2025
# SharedData Build 6298862 on Thu Nov 13 04:50:51 MST 2025
# Start of session at: Mon Apr 13 22:27:07 2026
# Process ID         : 37304
# Current directory  : C:/Users/Windi/Desktop/Vega_cpu/Project/Vega/Vega.runs/axi_uartlite_0_synth_1
# Command line       : vivado.exe -log axi_uartlite_0.vds -product Vivado -mode batch -messageDb vivado.pb -notrace -source axi_uartlite_0.tcl
# Log file           : C:/Users/Windi/Desktop/Vega_cpu/Project/Vega/Vega.runs/axi_uartlite_0_synth_1/axi_uartlite_0.vds
# Journal file       : C:/Users/Windi/Desktop/Vega_cpu/Project/Vega/Vega.runs/axi_uartlite_0_synth_1\vivado.jou
# Running On         : Station
# Platform           : Windows Server 2016 or Windows 10
# Operating System   : 26220
# Processor Detail   : AMD Ryzen Threadripper PRO 3945WX 12-Cores     
# CPU Frequency      : 3993 MHz
# CPU Physical cores : 12
# CPU Logical cores  : 24
# Host memory        : 68565 MB
# Swap memory        : 4294 MB
# Total Virtual      : 72860 MB
# Available Virtual  : 13219 MB
#-----------------------------------------------------------
source axi_uartlite_0.tcl -notrace
