Vivado Simulator v2025.2
Copyright 1986-2022 Xilinx, Inc. All Rights Reserved.
Copyright 2022-2025 Advanced Micro Devices, Inc. All Rights Reserved.
Running: D:/xilinx/2025.2/Vivado/bin/unwrapped/win64.o/xelab.exe --incr --debug typical --relax --mt 2 -L xil_defaultlib -L blk_mem_gen_v8_4_12 -L unisims_ver -L unimacro_ver -L secureip -L xpm --snapshot vega_soc_top_behav xil_defaultlib.vega_soc_top xil_defaultlib.glbl -log elaborate.log 
Using 2 slave threads.
Starting static elaboration
Pass Through NonSizing Optimizer
WARNING: [VRFC 10-3091] actual bit length 32 differs from formal bit length 12 for port 'addrb' [Z:/Vega_cpu/src/soc/vega_soc_top.v:63]
WARNING: [VRFC 10-3091] actual bit length 32 differs from formal bit length 4 for port 's_axi_awaddr' [Z:/Vega_cpu/Project/Vega/Vega.srcs/sources_1/new/uart_adapter.v:53]
WARNING: [VRFC 10-3091] actual bit length 32 differs from formal bit length 4 for port 's_axi_araddr' [Z:/Vega_cpu/Project/Vega/Vega.srcs/sources_1/new/uart_adapter.v:69]
WARNING: [VRFC 10-3091] actual bit length 1 differs from formal bit length 64 for port 'predict_target_o' [Z:/Vega_cpu/src/cpu/riscv_cpu.v:317]
WARNING: [VRFC 10-3091] actual bit length 1 differs from formal bit length 64 for port 'predict_target_i' [Z:/Vega_cpu/src/cpu/riscv_cpu.v:372]
WARNING: [VRFC 10-3129] assignment to input 'dcache_data_out' [Z:/Vega_cpu/src/cpu/core/mem_stage/mem_stage.v:110]
WARNING: [VRFC 10-3129] assignment to input 'dcache_hit' [Z:/Vega_cpu/src/cpu/core/mem_stage/mem_stage.v:111]
WARNING: [VRFC 10-3129] assignment to input 'dcache_refill_done' [Z:/Vega_cpu/src/cpu/core/mem_stage/mem_stage.v:112]
WARNING: [VRFC 10-3129] assignment to input 'dcache_writeback_req' [Z:/Vega_cpu/src/cpu/core/mem_stage/mem_stage.v:113]
WARNING: [VRFC 10-3129] assignment to input 'dcache_writeback_addr' [Z:/Vega_cpu/src/cpu/core/mem_stage/mem_stage.v:114]
WARNING: [VRFC 10-3129] assignment to input 'dcache_writeback_data' [Z:/Vega_cpu/src/cpu/core/mem_stage/mem_stage.v:115]
WARNING: [VRFC 10-3129] assignment to input 'dcache_cache_stall' [Z:/Vega_cpu/src/cpu/core/mem_stage/mem_stage.v:116]
WARNING: [VRFC 10-3129] assignment to input 'dcache_mem_req' [Z:/Vega_cpu/src/cpu/core/mem_stage/mem_stage.v:120]
WARNING: [VRFC 10-3129] assignment to input 'dcache_mem_we' [Z:/Vega_cpu/src/cpu/core/mem_stage/mem_stage.v:121]
Completed static elaboration
Starting simulation data flow analysis
Completed simulation data flow analysis
Time Resolution for simulation is 1ps
Compiling module xil_defaultlib.reset_sync
Compiling module blk_mem_gen_v8_4_12.blk_mem_gen_v8_4_12_output_stage...
Compiling module blk_mem_gen_v8_4_12.blk_mem_gen_v8_4_12_softecc_outp...
Compiling module blk_mem_gen_v8_4_12.blk_mem_gen_v8_4_12_mem_module(C...
Compiling module blk_mem_gen_v8_4_12.blk_mem_gen_v8_4_12(C_FAMILY="ar...
Compiling module xil_defaultlib.boot_rom_ip
Compiling module unisims_ver.GND
Compiling module unisims_ver.x_lut3_mux8
Compiling module unisims_ver.LUT3
Compiling module unisims_ver.FDRE_default
Compiling module unisims_ver.RB36_INTERNAL_VLOG(RDADDR_COLLIS...
Compiling module unisims_ver.RAMB36E1(RDADDR_COLLISION_HWCONF...
Compiling module unisims_ver.x_lut2_mux4
Compiling module unisims_ver.LUT2
Compiling module xil_defaultlib.data_ram_b
Compiling module unisims_ver.LUT6
Compiling module unisims_ver.LUT4
Compiling module unisims_ver.FDSE_default
Compiling module unisims_ver.LUT5
Compiling module xil_defaultlib.axi_uartlite_0_pselect_f
Compiling module xil_defaultlib.axi_uartlite_0_pselect_f__parame...
Compiling module xil_defaultlib.axi_uartlite_0_address_decoder
Compiling module xil_defaultlib.axi_uartlite_0_slave_attachment
Compiling module xil_defaultlib.axi_uartlite_0_axi_lite_ipif
Compiling module xil_defaultlib.axi_uartlite_0_baudrate
Compiling module xil_defaultlib.axi_uartlite_0_xpm_cdc_single
Compiling module unisims_ver.x_lut1_mux2
Compiling module unisims_ver.LUT1(INIT=2'b01)
Compiling module unisims_ver.SRL16E_default
Compiling module xil_defaultlib.axi_uartlite_0_srl_fifo_0
Compiling module xil_defaultlib.axi_uartlite_0_uartlite_rx
Compiling module unisims_ver.MUXF7
Compiling module xil_defaultlib.axi_uartlite_0_srl_fifo
Compiling module xil_defaultlib.axi_uartlite_0_uartlite_tx
Compiling module xil_defaultlib.axi_uartlite_0_uartlite_core
Compiling module xil_defaultlib.axi_uartlite_0_axi_uartlite
Compiling module xil_defaultlib.axi_uartlite_0
Compiling module xil_defaultlib.uart_adapter
Compiling module xil_defaultlib.icache
Compiling module xil_defaultlib.btb
Compiling module xil_defaultlib.bht
Compiling module xil_defaultlib.if_stage
Compiling module xil_defaultlib.decoder
Compiling module xil_defaultlib.id_stage
Compiling module xil_defaultlib.register_file
Compiling module xil_defaultlib.ii_stage
Compiling module xil_defaultlib.alu
Compiling module xil_defaultlib.ex_stage
Compiling module xil_defaultlib.dcache
Compiling module xil_defaultlib.mem_stage
Compiling module xil_defaultlib.hazard_unit
Compiling module xil_defaultlib.riscv_cpu
Compiling module xil_defaultlib.vega_soc_top
Compiling module xil_defaultlib.glbl
Built simulation snapshot vega_soc_top_behav
