INFO: [VRFC 10-2263] Analyzing Verilog file "Z:/Vega_cpu/Project/Vega/Vega.gen/sources_1/ip/axi_uartlite_0/axi_uartlite_0_sim_netlist.v" into library xil_defaultlib
INFO: [VRFC 10-311] analyzing module axi_uartlite_0
INFO: [VRFC 10-311] analyzing module axi_uartlite_0_address_decoder
INFO: [VRFC 10-311] analyzing module axi_uartlite_0_axi_lite_ipif
INFO: [VRFC 10-311] analyzing module axi_uartlite_0_axi_uartlite
INFO: [VRFC 10-311] analyzing module axi_uartlite_0_baudrate
INFO: [VRFC 10-311] analyzing module axi_uartlite_0_pselect_f
INFO: [VRFC 10-311] analyzing module axi_uartlite_0_pselect_f__parameterized1
INFO: [VRFC 10-311] analyzing module axi_uartlite_0_slave_attachment
INFO: [VRFC 10-311] analyzing module axi_uartlite_0_srl_fifo
INFO: [VRFC 10-311] analyzing module axi_uartlite_0_srl_fifo_0
INFO: [VRFC 10-311] analyzing module axi_uartlite_0_uartlite_core
INFO: [VRFC 10-311] analyzing module axi_uartlite_0_uartlite_rx
INFO: [VRFC 10-311] analyzing module axi_uartlite_0_uartlite_tx
INFO: [VRFC 10-311] analyzing module axi_uartlite_0_xpm_cdc_single
INFO: [VRFC 10-311] analyzing module glbl
INFO: [VRFC 10-2263] Analyzing Verilog file "Z:/Vega_cpu/Project/Vega/Vega.gen/sources_1/ip/data_ram_b/data_ram_b_sim_netlist.v" into library xil_defaultlib
INFO: [VRFC 10-311] analyzing module data_ram_b
INFO: [VRFC 10-311] analyzing module data_ram_b_blk_mem_gen_generic_cstr
INFO: [VRFC 10-311] analyzing module data_ram_b_blk_mem_gen_mux
INFO: [VRFC 10-311] analyzing module data_ram_b_blk_mem_gen_prim_width
INFO: [VRFC 10-311] analyzing module data_ram_b_blk_mem_gen_prim_width__parameterized0
INFO: [VRFC 10-311] analyzing module data_ram_b_blk_mem_gen_prim_width__parameterized1
INFO: [VRFC 10-311] analyzing module data_ram_b_blk_mem_gen_prim_width__parameterized10
INFO: [VRFC 10-311] analyzing module data_ram_b_blk_mem_gen_prim_width__parameterized11
INFO: [VRFC 10-311] analyzing module data_ram_b_blk_mem_gen_prim_width__parameterized12
INFO: [VRFC 10-311] analyzing module data_ram_b_blk_mem_gen_prim_width__parameterized13
INFO: [VRFC 10-311] analyzing module data_ram_b_blk_mem_gen_prim_width__parameterized14
INFO: [VRFC 10-311] analyzing module data_ram_b_blk_mem_gen_prim_width__parameterized2
INFO: [VRFC 10-311] analyzing module data_ram_b_blk_mem_gen_prim_width__parameterized3
INFO: [VRFC 10-311] analyzing module data_ram_b_blk_mem_gen_prim_width__parameterized4
INFO: [VRFC 10-311] analyzing module data_ram_b_blk_mem_gen_prim_width__parameterized5
INFO: [VRFC 10-311] analyzing module data_ram_b_blk_mem_gen_prim_width__parameterized6
INFO: [VRFC 10-311] analyzing module data_ram_b_blk_mem_gen_prim_width__parameterized7
INFO: [VRFC 10-311] analyzing module data_ram_b_blk_mem_gen_prim_width__parameterized8
INFO: [VRFC 10-311] analyzing module data_ram_b_blk_mem_gen_prim_width__parameterized9
INFO: [VRFC 10-311] analyzing module data_ram_b_blk_mem_gen_prim_wrapper
INFO: [VRFC 10-311] analyzing module data_ram_b_blk_mem_gen_prim_wrapper__parameterized0
INFO: [VRFC 10-311] analyzing module data_ram_b_blk_mem_gen_prim_wrapper__parameterized1
INFO: [VRFC 10-311] analyzing module data_ram_b_blk_mem_gen_prim_wrapper__parameterized10
INFO: [VRFC 10-311] analyzing module data_ram_b_blk_mem_gen_prim_wrapper__parameterized11
INFO: [VRFC 10-311] analyzing module data_ram_b_blk_mem_gen_prim_wrapper__parameterized12
INFO: [VRFC 10-311] analyzing module data_ram_b_blk_mem_gen_prim_wrapper__parameterized13
INFO: [VRFC 10-311] analyzing module data_ram_b_blk_mem_gen_prim_wrapper__parameterized14
INFO: [VRFC 10-311] analyzing module data_ram_b_blk_mem_gen_prim_wrapper__parameterized2
INFO: [VRFC 10-311] analyzing module data_ram_b_blk_mem_gen_prim_wrapper__parameterized3
INFO: [VRFC 10-311] analyzing module data_ram_b_blk_mem_gen_prim_wrapper__parameterized4
INFO: [VRFC 10-311] analyzing module data_ram_b_blk_mem_gen_prim_wrapper__parameterized5
INFO: [VRFC 10-311] analyzing module data_ram_b_blk_mem_gen_prim_wrapper__parameterized6
INFO: [VRFC 10-311] analyzing module data_ram_b_blk_mem_gen_prim_wrapper__parameterized7
INFO: [VRFC 10-311] analyzing module data_ram_b_blk_mem_gen_prim_wrapper__parameterized8
INFO: [VRFC 10-311] analyzing module data_ram_b_blk_mem_gen_prim_wrapper__parameterized9
INFO: [VRFC 10-311] analyzing module data_ram_b_blk_mem_gen_top
INFO: [VRFC 10-311] analyzing module data_ram_b_blk_mem_gen_v8_4_12
INFO: [VRFC 10-311] analyzing module data_ram_b_blk_mem_gen_v8_4_12_synth
INFO: [VRFC 10-2263] Analyzing Verilog file "Z:/Vega_cpu/Project/Vega/Vega.gen/sources_1/ip/boot_rom_ip/sim/boot_rom_ip.v" into library xil_defaultlib
INFO: [VRFC 10-311] analyzing module boot_rom_ip
INFO: [VRFC 10-2263] Analyzing Verilog file "Z:/Vega_cpu/src/cpu/core/ex_stage/alu.v" into library xil_defaultlib
INFO: [VRFC 10-311] analyzing module alu
INFO: [VRFC 10-2263] Analyzing Verilog file "Z:/Vega_cpu/src/cpu/core/if_stage/bht.v" into library xil_defaultlib
INFO: [VRFC 10-311] analyzing module bht
INFO: [VRFC 10-2263] Analyzing Verilog file "Z:/Vega_cpu/src/cpu/core/if_stage/btb.v" into library xil_defaultlib
INFO: [VRFC 10-311] analyzing module btb
INFO: [VRFC 10-2263] Analyzing Verilog file "Z:/Vega_cpu/src/cpu/core/mem_stage/dcache.v" into library xil_defaultlib
INFO: [VRFC 10-311] analyzing module dcache
INFO: [VRFC 10-2263] Analyzing Verilog file "Z:/Vega_cpu/src/cpu/core/id_stage/decoder.v" into library xil_defaultlib
INFO: [VRFC 10-311] analyzing module decoder
INFO: [VRFC 10-2263] Analyzing Verilog file "Z:/Vega_cpu/src/cpu/core/ex_stage/ex_stage.v" into library xil_defaultlib
INFO: [VRFC 10-311] analyzing module ex_stage
INFO: [VRFC 10-2263] Analyzing Verilog file "Z:/Vega_cpu/src/cpu/core/hazard_unit.v" into library xil_defaultlib
INFO: [VRFC 10-311] analyzing module hazard_unit
INFO: [VRFC 10-2263] Analyzing Verilog file "Z:/Vega_cpu/src/cpu/core/if_stage/icache.v" into library xil_defaultlib
INFO: [VRFC 10-311] analyzing module icache
INFO: [VRFC 10-2263] Analyzing Verilog file "Z:/Vega_cpu/src/cpu/core/id_stage/id_stage.v" into library xil_defaultlib
INFO: [VRFC 10-311] analyzing module id_stage
INFO: [VRFC 10-2263] Analyzing Verilog file "Z:/Vega_cpu/src/cpu/core/if_stage/if_stage.v" into library xil_defaultlib
INFO: [VRFC 10-311] analyzing module if_stage
WARNING: [VRFC 10-3380] identifier 'way2_fetch_valid' is used before its declaration [Z:/Vega_cpu/src/cpu/core/if_stage/if_stage.v:108]
INFO: [VRFC 10-2263] Analyzing Verilog file "Z:/Vega_cpu/src/cpu/core/ii_stage/ii_stage.v" into library xil_defaultlib
INFO: [VRFC 10-311] analyzing module ii_stage
INFO: [VRFC 10-2263] Analyzing Verilog file "Z:/Vega_cpu/src/cpu/core/mem_stage/mem_stage.v" into library xil_defaultlib
INFO: [VRFC 10-311] analyzing module mem_stage
WARNING: [VRFC 10-3380] identifier 'load_data' is used before its declaration [Z:/Vega_cpu/src/cpu/core/mem_stage/mem_stage.v:86]
WARNING: [VRFC 10-3380] identifier 'load_data' is used before its declaration [Z:/Vega_cpu/src/cpu/core/mem_stage/mem_stage.v:88]
INFO: [VRFC 10-2263] Analyzing Verilog file "Z:/Vega_cpu/src/cpu/core/id_stage/register_file.v" into library xil_defaultlib
INFO: [VRFC 10-311] analyzing module register_file
INFO: [VRFC 10-2263] Analyzing Verilog file "Z:/Vega_cpu/src/soc/reset/reset_sync.v" into library xil_defaultlib
INFO: [VRFC 10-311] analyzing module reset_sync
INFO: [VRFC 10-2263] Analyzing Verilog file "Z:/Vega_cpu/src/cpu/riscv_cpu.v" into library xil_defaultlib
INFO: [VRFC 10-311] analyzing module riscv_cpu
INFO: [VRFC 10-2263] Analyzing Verilog file "Z:/Vega_cpu/Project/Vega/Vega.srcs/sources_1/new/uart_adapter.v" into library xil_defaultlib
INFO: [VRFC 10-311] analyzing module uart_adapter
INFO: [VRFC 10-2263] Analyzing Verilog file "Z:/Vega_cpu/src/soc/vega_soc_top.v" into library xil_defaultlib
INFO: [VRFC 10-311] analyzing module vega_soc_top
INFO: [VRFC 10-2263] Analyzing Verilog file "Z:/Vega_cpu/Project/Vega/Vega.sim/sim_1/behav/xsim/glbl.v" into library xil_defaultlib
INFO: [VRFC 10-311] analyzing module glbl
WARNING: [VRFC 10-3609] overwriting previous definition of module 'glbl' [Z:/Vega_cpu/Project/Vega/Vega.sim/sim_1/behav/xsim/glbl.v:6]
