Copyright 1986-2022 Xilinx, Inc. All Rights Reserved. Copyright 2022-2025 Advanced Micro Devices, Inc. All Rights Reserved.
---------------------------------------------------------------------------------------------------------------------------------------------
| Tool Version : Vivado v.2025.2 (lin64) Build 6299465 Fri Nov 14 12:34:56 MST 2025
| Date         : Sat Mar 28 14:37:55 2026
| Host         : ThinkPad running 64-bit Ubuntu 24.04.4 LTS
| Command      : report_drc -file riscv_cpu_drc_opted.rpt -pb riscv_cpu_drc_opted.pb -rpx riscv_cpu_drc_opted.rpx
| Design       : riscv_cpu
| Device       : xcsu25p-cmva361-2-e
| Speed File   : -2
| Design State : Synthesized
---------------------------------------------------------------------------------------------------------------------------------------------

Report DRC

Table of Contents
-----------------
1. REPORT SUMMARY
2. REPORT DETAILS

1. REPORT SUMMARY
-----------------
            Netlist: netlist
          Floorplan: design_1
      Design limits: <entire design considered>
           Ruledeck: default
             Max checks: <unlimited>
             Checks found: 4
+---------+------------------+----------------------------+--------+
| Rule    | Severity         | Description                | Checks |
+---------+------------------+----------------------------+--------+
| LUTLP-1 | Critical Warning | Combinatorial Loop Alert   | 1      |
| NSTD-1  | Critical Warning | Unspecified I/O Standard   | 1      |
| UCIO-1  | Critical Warning | Unconstrained Logical Port | 1      |
| IOCNT-1 | Warning          | Number of IOs              | 1      |
+---------+------------------+----------------------------+--------+

2. REPORT DETAILS
-----------------
LUTLP-1#1 Critical Warning
Combinatorial Loop Alert  
47 LUT cells form a combinatorial loop. This can create a race condition. Timing analysis may not be accurate. The preferred resolution is to modify the design to remove combinatorial logic loops. If the loop is known and understood, this DRC can be bypassed by acknowledging the condition and setting the following XDC constraint on any one of the nets in the loop: 'set_property ALLOW_COMBINATORIAL_LOOPS TRUE [get_nets <myHier/myNet>]'. One net in the loop is u_if_stage/instr_if[5]. Please evaluate your design. The cells in the loop are: u_if_stage/alu_op_o_reg[1]_i_2, u_if_stage/alu_op_o_reg[1]_i_3,
u_if_stage/alu_op_o_reg[1]_i_4, u_if_stage/alu_op_o_reg[1]_i_5,
u_if_stage/alu_op_o_reg[1]_i_6, u_if_stage/alu_op_o_reg[1]_i_8,
u_if_stage/alu_op_o_reg[1]_i_9, u_if_stage/alu_src1_sel_o_reg_i_2,
u_if_stage/alu_src1_sel_o_reg_i_3, u_if_stage/alu_src1_sel_o_reg_i_4,
u_if_stage/pc_o_reg[63]_i_4, u_if_stage/pc_reg[63]_i_3,
u_if_stage/pc_reg[63]_i_4, u_if_stage/pc_reg[63]_i_7,
u_if_stage/pc_reg[63]_i_8 (the first 15 of 47 listed).
Related violations: <none>

NSTD-1#1 Critical Warning
Unspecified I/O Standard  
232 out of 232 logical ports use I/O standard (IOSTANDARD) value 'DEFAULT', instead of a user assigned specific value. This may cause I/O contention or incompatibility with the board power or connectivity affecting performance, signal integrity or in extreme cases cause damage to the device or the components to which it is connected. To correct this violation, specify all I/O standards. This design will fail to generate a bitstream unless all logical ports have a user specified I/O standard value defined. To allow bitstream creation with unspecified I/O standard values (not recommended), use this command: set_property SEVERITY {Warning} [get_drc_checks NSTD-1].  NOTE: When using the Vivado Runs infrastructure (e.g. launch_runs Tcl command), add this command to a .tcl file and add that file as a pre-hook for write_bitstream step for the implementation run. Problem ports: data_addr[63:0], data_be[7:0], data_wdata[63:0], instr_addr[63:0],
instr_data[15], instr_data[16], instr_data[17], instr_data[18],
instr_data[19], instr_data[20], instr_data[21], instr_data[22],
instr_data[23], instr_data[24], instr_data[30]
 (the first 15 of 36 listed).
Related violations: <none>

UCIO-1#1 Critical Warning
Unconstrained Logical Port  
232 out of 232 logical ports have no user assigned specific location constraint (LOC). This may cause I/O contention or incompatibility with the board power or connectivity affecting performance, signal integrity or in extreme cases cause damage to the device or the components to which it is connected. To correct this violation, specify all pin locations. This design will fail to generate a bitstream unless all logical ports have a user specified site LOC constraint defined.  To allow bitstream creation with unspecified pin locations (not recommended), use this command: set_property SEVERITY {Warning} [get_drc_checks UCIO-1].  NOTE: When using the Vivado Runs infrastructure (e.g. launch_runs Tcl command), add this command to a .tcl file and add that file as a pre-hook for write_bitstream step for the implementation run.  Problem ports: data_addr[63:0], data_be[7:0], data_wdata[63:0], instr_addr[63:0],
instr_data[15], instr_data[16], instr_data[17], instr_data[18],
instr_data[19], instr_data[20], instr_data[21], instr_data[22],
instr_data[23], instr_data[24], instr_data[30]
 (the first 15 of 36 listed).
Related violations: <none>

IOCNT-1#1 Warning
Number of IOs  
The design contains 232 unplaced I/O ports while the target device, xcsu25p-cmva361-2-e, has 220 remaining available user I/O pins. This DRC assumes that all ports which do not drive MGT pins should be placed on user I/O pins. To correct this issue:
1. Ensure you are targeting the correct device and package. Select a larger device or different package if necessary.
2. Check the top-level ports of the design to ensure the correct number of ports are specified.
3. Consider design changes to reduce the number of user I/O pins needed.

Related violations: <none>


