#-----------------------------------------------------------
# Vivado v2025.2 (64-bit)
# SW Build 6299465 on Fri Nov 14 19:35:11 GMT 2025
# IP Build 6300035 on Fri Nov 14 10:48:45 MST 2025
# SharedData Build 6298862 on Thu Nov 13 04:50:51 MST 2025
# Start of session at: Fri Apr 24 22:55:24 2026
# Process ID         : 20900
# Current directory  : Z:/Vega_cpu/Project/Vega/Vega.runs/synth_1
# Command line       : vivado.exe -log vega_soc_top.vds -product Vivado -mode batch -messageDb vivado.pb -notrace -source vega_soc_top.tcl
# Log file           : Z:/Vega_cpu/Project/Vega/Vega.runs/synth_1/vega_soc_top.vds
# Journal file       : Z:/Vega_cpu/Project/Vega/Vega.runs/synth_1\vivado.jou
# Running On         : Station
# Platform           : Windows Server 2016 or Windows 10
# Operating System   : 26220
# Processor Detail   : AMD Ryzen Threadripper PRO 3945WX 12-Cores     
# CPU Frequency      : 3993 MHz
# CPU Physical cores : 12
# CPU Logical cores  : 24
# Host memory        : 68563 MB
# Swap memory        : 4294 MB
# Total Virtual      : 72858 MB
# Available Virtual  : 30607 MB
#-----------------------------------------------------------
source vega_soc_top.tcl -notrace
