#-----------------------------------------------------------
# Vivado v2025.2 (64-bit)
# SW Build 6299465 on Fri Nov 14 12:34:56 MST 2025
# IP Build 6300035 on Fri Nov 14 10:48:45 MST 2025
# SharedData Build 6298862 on Thu Nov 13 04:50:51 MST 2025
# Start of session at: Sat Mar 28 14:34:02 2026
# Process ID         : 223739
# Current directory  : /home/liyu/cpuP/Vega_cpu/Project/Vega/Vega.runs/synth_1
# Command line       : vivado -log riscv_cpu.vds -product Vivado -mode batch -messageDb vivado.pb -notrace -source riscv_cpu.tcl
# Log file           : /home/liyu/cpuP/Vega_cpu/Project/Vega/Vega.runs/synth_1/riscv_cpu.vds
# Journal file       : /home/liyu/cpuP/Vega_cpu/Project/Vega/Vega.runs/synth_1/vivado.jou
# Running On         : ThinkPad
# Platform           : Ubuntu
# Operating System   : Ubuntu 24.04.4 LTS
# Processor Detail   : Intel(R) Core(TM) Ultra 9 285H
# CPU Frequency      : 3686.399 MHz
# CPU Physical cores : 16
# CPU Logical cores  : 16
# Host memory        : 16498 MB
# Swap memory        : 4294 MB
# Total Virtual      : 20793 MB
# Available Virtual  : 16318 MB
#-----------------------------------------------------------
source riscv_cpu.tcl -notrace
